
There are no discarded input sections

Memory Configuration

Name             Origin             Length             Attributes
PREMEM           0x0000000000001000 0x000000000007b000 w!l
IMAGE            0x0000000000007c00 0x0000000000010000 xw
POSTMEM          0x0000000000018000 0x0000000000010000 xw!l
*default*        0x0000000000000000 0xffffffffffffffff

Linker script and memory map

                0x0000000000001000                . = 0x1000

.bss            0x0000000000001000     0x6010
                0x0000000000001000                __bss_start = .
 *(.bss.* .bss)
 .bss           0x0000000000001000     0x6010 build/stkmaxing.o
                0x0000000000001000        (local) stack
                0x0000000000002000        (local) stack.top
                0x0000000000002000        (local) IDT
                0x0000000000003000        (local) dyndata
                0x0000000000003000        (local) dyndata.alias_pdp
                0x0000000000004000        (local) dyndata.alias_pd
                0x0000000000005000        (local) dyndata.alias_pt
                0x0000000000006000        (local) dyndata.cursor_x
                0x0000000000006000        (local) dyndata.cursor_y
                0x0000000000006000        (local) dyndata.old_stack
                0x0000000000006008        (local) dyndata.reached_rsp
                0x0000000000007008        (local) dyndata.old_rsp
                0x0000000000007010                __bss_end = .
                0x0000000000007c00                . = 0x7c00

.real.text      0x0000000000007c00      0x2fd
                0x0000000000007c00                __start_real_text = .
 *(.real.bootsec)
 .real.bootsec  0x0000000000007c00      0x200 build/stkmaxing.o
                0x0000000000007c00        (local) start16
                0x0000000000007c21        (local) start16.disk_error
                0x0000000000007c29        (local) die
                0x0000000000007c2c        (local) bios_print
                0x0000000000007c2e        (local) bios_print.loop
                0x0000000000007c39        (local) bios_print.done
                0x0000000000007c3c        (local) DiskPackage
 *(.real.text .real.text.*)
 .real.text     0x0000000000007e00       0xfd build/stkmaxing.o
                0x0000000000007e60                fill_pagetable
                0x0000000000007e00        (local) _loaded16
                0x0000000000007e4e        (local) _loaded16.startup_error
                0x0000000000007e57        (local) _loaded16.unsupported_cpu
                0x0000000000007e72        (local) fill_pagetable.loop
                0x0000000000007e7d        (local) __early_map_image
                0x0000000000007edd        (local) __early_map_image.loop
                0x0000000000007efd                __end_real_text = .

.real.data      0x0000000000007f00       0xab
                0x0000000000007f00                __start_real_data = .
 *(.real.data .real.data.*)
 .real.data     0x0000000000007f00       0xab build/stkmaxing.o
                0x0000000000007f00        (local) DiskError
                0x0000000000007f07        (local) UnsupportedCPU
                0x0000000000007f0d        (local) StartupError
                0x0000000000007f13        (local) stack_top
                0x0000000000007f1b        (local) Message
                0x0000000000007f2c        (local) GDT
                0x0000000000007f2c        (local) GDT.Null
                0x0000000000007f34        (local) GDT.Code
                0x0000000000007f44        (local) GDT.tss
                0x0000000000007f55        (local) GDT.Pointer
                0x0000000000007f5b        (local) TSS
                0x0000000000007fa5        (local) TSS.end
                0x0000000000007fa5        (local) early_idtr
                0x0000000000007fab                __end_real_data = .
                0x0000000000000001                ASSERT ((. < 0x10000), realmode code/data not within 64K segment range)

.text           0x0000000000007fb0      0x14c
                0x0000000000007fb0                __start_text = .
 *(.text .text.*)
 .text          0x0000000000007fb0      0x14c build/stkmaxing.o
                0x0000000000008078                _start
                0x0000000000007fb0        (local) _start64
                0x0000000000007fd2        (local) handle_ss_fault
                0x0000000000007fd2        (local) handle_gp_fault
                0x0000000000007fe5        (local) handle_gp_fault.handler
                0x0000000000007fef        (local) set_idt_entry
                0x000000000000800b        (local) interlink_alias_pagetables
                0x00000000000080c8        (local) counter_fun
                0x00000000000080d5        (local) counter_fun.stop
                0x00000000000080d6        (local) run_fun_bounded
                0x00000000000080fc                __end_text = .

.data           0x00000000000080fc        0xa
                0x00000000000080fc                __start_data = .
 *(.data .data.*)
 .data          0x00000000000080fc        0xa build/stkmaxing.o
                0x00000000000080fc        (local) IDTR
                0x0000000000008106                __end_data = .

.padding        0x0000000000008106     0xfafa
                0x0000000000017bff                . = ABSOLUTE (((ORIGIN (IMAGE) + LENGTH (IMAGE)) - 0x1))
 *fill*         0x0000000000008106     0xfaf9 00
                0x0000000000017bff        0x1 BYTE 0x0
                0x0000000000018000                . = 0x18000

.virtual_pages  0x0000000000018000        0x0
                0x0000000000018000                __video_page = ABSOLUTE (0x18000)
                0x0000000000019000                __guard_page = ABSOLUTE (0x19000)
                0x0000000000020000                __lower_half_start = ABSOLUTE (0x20000)

.real.bss       0x0000000000018000     0x5000
                0x000000000001d000                __real_bss_start = .
 *(.real.bss real.bss.*)
 .real.bss      0x0000000000018000     0x5000 build/stkmaxing.o
                0x0000000000018000        (local) pml4
                0x0000000000019000        (local) pdp
                0x000000000001a000        (local) pd
                0x000000000001b000        (local) pt
                0x000000000001c000        (local) backing_page
                0x000000000001d000                __real_bss_start = .

/DISCARD/
 *(.got)
 *(.iplt*)
 *(.igot*)
 *(.got.plt)
 *(.got*)
 *(.rela*)
 *(.rel*)
 *(.dynamic)
 *(.dynsym)
 *(.dynstr)
 *(.hash)
 *(.gnu.hash)
LOAD build/stkmaxing.o
OUTPUT(build/stkmaxing.elf elf64-x86-64)

.debug_aranges  0x0000000000000000       0x30
 .debug_aranges
                0x0000000000000000       0x30 build/stkmaxing.o

.debug_pubnames
                0x0000000000000000        0x0
 .debug_pubnames
                0x0000000000000000        0x0 build/stkmaxing.o

.debug_info     0x0000000000000000       0x6b
 .debug_info    0x0000000000000000       0x6b build/stkmaxing.o

.debug_abbrev   0x0000000000000000       0x1d
 .debug_abbrev  0x0000000000000000       0x1d build/stkmaxing.o

.debug_line     0x0000000000000000       0x9f
 .debug_line    0x0000000000000000       0x9f build/stkmaxing.o

.debug_frame    0x0000000000000000        0x0
 .debug_frame   0x0000000000000000        0x0 build/stkmaxing.o

.debug_loc      0x0000000000000000        0x0
 .debug_loc     0x0000000000000000        0x0 build/stkmaxing.o
