
There are no discarded input sections

Memory Configuration

Name             Origin             Length             Attributes
PREMEM           0x0000000000001000 0x000000000007b000 w!l
IMAGE            0x0000000000007c00 0x0000000000010000 xw
POSTMEM          0x0000000000018000 0x0000000000010000 xw!l
*default*        0x0000000000000000 0xffffffffffffffff

Linker script and memory map

                0x0000000000001000                . = 0x1000

.bss            0x0000000000001000     0x5008
                0x0000000000001000                __bss_start = .
 *(.bss.* .bss)
 .bss           0x0000000000001000     0x1000 build/objects/bootsec.o
                0x0000000000001000        (local) stack
 .bss           0x0000000000002000     0x4008 build/objects/main.o
                0x0000000000002000        (local) stack.top
                0x0000000000002000        (local) IDT
                0x0000000000003000        (local) dyndata
                0x0000000000003000        (local) dyndata.alias_pdp
                0x0000000000004000        (local) dyndata.alias_pd
                0x0000000000005000        (local) dyndata.alias_pt
                0x0000000000006000        (local) dyndata.cursor_x
                0x0000000000006000        (local) dyndata.cursor_y
                0x0000000000006000        (local) dyndata.old_stack
                0x0000000000006008                __bss_end = .
                0x0000000000007c00                . = 0x7c00

.real.text      0x0000000000007c00      0x30d
                0x0000000000007c00                __start_real_text = .
 *(.real.bootsec)
 .real.bootsec  0x0000000000007c00      0x200 build/objects/bootsec.o
                0x0000000000007c00        (local) start16
                0x0000000000007c47        (local) start16.disk_error
                0x0000000000007c50        (local) DiskPackage
 *(.real.text .real.text.*)
 .real.text     0x0000000000007e00       0x10 build/objects/bios.o
                0x0000000000007e00                bios_print
                0x0000000000007e02        (local) bios_print.loop
                0x0000000000007e0d        (local) bios_print.done
 .real.text     0x0000000000007e10       0xfd build/objects/main.o
                0x0000000000007e10                _loaded16
                0x0000000000007e70                fill_pagetable
                0x0000000000007e5e        (local) _loaded16.startup_error
                0x0000000000007e67        (local) _loaded16.unsupported_cpu
                0x0000000000007e82        (local) fill_pagetable.loop
                0x0000000000007e8d        (local) __early_map_image
                0x0000000000007eed        (local) __early_map_image.loop
                0x0000000000007f0d                __end_real_text = .

.real.data      0x0000000000007f10       0xb5
                0x0000000000007f10                __start_real_data = .
 *(.real.data .real.data.*)
 .real.data     0x0000000000007f10        0xf build/objects/bootsec.o
                0x0000000000007f10        (local) DiskError
                0x0000000000007f17        (local) stack_top
 *fill*         0x0000000000007f1f        0x1 
 .real.data     0x0000000000007f20       0xa5 build/objects/main.o
                0x0000000000007f20        (local) Message
                0x0000000000007f31        (local) UnsupportedCPU
                0x0000000000007f37        (local) StartupError
                0x0000000000007f3d        (local) GDT
                0x0000000000007f3d        (local) GDT.Null
                0x0000000000007f45        (local) GDT.Code
                0x0000000000007f55        (local) GDT.tss
                0x0000000000007f69        (local) GDT.Pointer
                0x0000000000007f6f        (local) TSS
                0x0000000000007fbf        (local) TSS.end
                0x0000000000007fbf        (local) early_idtr
                0x0000000000007fc5                __end_real_data = .
                0x0000000000000001                ASSERT ((. < 0x10000), realmode code/data not within 64K segment range)

.text           0x0000000000007fd0      0x1c4
                0x0000000000007fd0                __start_text = .
 *(.text .text.*)
 .text          0x0000000000007fd0       0x4a build/objects/debug.o
                0x0000000000007fd0                calc_stack_depth
                0x0000000000007fe6        (local) calc_stack_depth.highmem
                0x0000000000008013        (local) calc_stack_depth.final
 *fill*         0x000000000000801a        0x6 
 .text          0x0000000000008020       0x19 build/objects/format.o
                0x0000000000008020        (local) format_oct
                0x0000000000008022        (local) format_oct.loop
 *fill*         0x0000000000008039        0x7 
 .text          0x0000000000008040        0x3 build/objects/helpers.o
                0x0000000000008040                die
 *fill*         0x0000000000008043        0xd 
 .text          0x0000000000008050      0x144 build/objects/main.o
                0x000000000000811d                _start
                0x0000000000008050        (local) _start64
                0x0000000000008072        (local) handle_ss_fault
                0x0000000000008074        (local) handle_gp_fault
                0x000000000000808d        (local) handle_gp_fault.handler
                0x000000000000808e        (local) set_idt_entry
                0x00000000000080b0        (local) interlink_alias_pagetables
                0x000000000000816d        (local) counter_fun
                0x000000000000817a        (local) counter_fun.stop
                0x000000000000817b        (local) run_fun_bounded
                0x0000000000008194                __end_text = .

.data           0x0000000000008194     0x100a
                0x0000000000008194                __start_data = .
 *(.data .data.*)
 .data          0x0000000000008194     0x100a build/objects/main.o
                0x0000000000008194        (local) IDTR
                0x000000000000819e        (local) trap_stack
                0x000000000000919e                __end_data = .

.padding        0x000000000000919e     0xea62
                0x0000000000017bff                . = ABSOLUTE (((ORIGIN (IMAGE) + LENGTH (IMAGE)) - 0x1))
 *fill*         0x000000000000919e     0xea61 00
                0x0000000000017bff        0x1 BYTE 0x0
                0x0000000000018000                . = 0x18000

.virtual_pages  0x0000000000018000        0x0
                0x0000000000018000                __video_page = ABSOLUTE (0x18000)
                0x0000000000019000                __guard_page = ABSOLUTE (0x19000)
                0x0000000000020000                __lower_half_start = ABSOLUTE (0x20000)

.real.bss       0x0000000000018000     0x5000
                0x0000000000018000                __real_bss_start = .
 *(.real.bss real.bss.*)
 .real.bss      0x0000000000018000     0x5000 build/objects/main.o
                0x0000000000018000        (local) pml4
                0x0000000000019000        (local) pdp
                0x000000000001a000        (local) pd
                0x000000000001b000        (local) pt
                0x000000000001c000        (local) backing_page
                0x000000000001d000                __real_bss_end = .

/DISCARD/
 *(.got)
 *(.iplt*)
 *(.igot*)
 *(.got.plt)
 *(.got*)
 *(.rela*)
 *(.rel*)
 *(.dynamic)
 *(.dynsym)
 *(.dynstr)
 *(.hash)
 *(.gnu.hash)
LOAD build/objects/bios.o
LOAD build/objects/bootsec.o
LOAD build/objects/debug.o
LOAD build/objects/format.o
LOAD build/objects/helpers.o
LOAD build/objects/main.o
OUTPUT(build/stkmaxing.elf elf64-x86-64)

.debug_aranges  0x0000000000000000       0xc0
 .debug_aranges
                0x0000000000000000        0x0 build/objects/bios.o
 .debug_aranges
                0x0000000000000000        0x0 build/objects/bootsec.o
 .debug_aranges
                0x0000000000000000       0x30 build/objects/debug.o
 .debug_aranges
                0x0000000000000030       0x30 build/objects/format.o
 .debug_aranges
                0x0000000000000060       0x30 build/objects/helpers.o
 .debug_aranges
                0x0000000000000090       0x30 build/objects/main.o

.debug_pubnames
                0x0000000000000000        0x0
 .debug_pubnames
                0x0000000000000000        0x0 build/objects/bios.o
 .debug_pubnames
                0x0000000000000000        0x0 build/objects/bootsec.o
 .debug_pubnames
                0x0000000000000000        0x0 build/objects/debug.o
 .debug_pubnames
                0x0000000000000000        0x0 build/objects/format.o
 .debug_pubnames
                0x0000000000000000        0x0 build/objects/helpers.o
 .debug_pubnames
                0x0000000000000000        0x0 build/objects/main.o

.debug_info     0x0000000000000000      0x1b2
 .debug_info    0x0000000000000000        0x0 build/objects/bios.o
 .debug_info    0x0000000000000000        0x0 build/objects/bootsec.o
 .debug_info    0x0000000000000000       0x6c build/objects/debug.o
 .debug_info    0x000000000000006c       0x6d build/objects/format.o
 .debug_info    0x00000000000000d9       0x6e build/objects/helpers.o
 .debug_info    0x0000000000000147       0x6b build/objects/main.o

.debug_abbrev   0x0000000000000000       0x74
 .debug_abbrev  0x0000000000000000        0x0 build/objects/bios.o
 .debug_abbrev  0x0000000000000000        0x0 build/objects/bootsec.o
 .debug_abbrev  0x0000000000000000       0x1d build/objects/debug.o
 .debug_abbrev  0x000000000000001d       0x1d build/objects/format.o
 .debug_abbrev  0x000000000000003a       0x1d build/objects/helpers.o
 .debug_abbrev  0x0000000000000057       0x1d build/objects/main.o

.debug_line     0x0000000000000000      0x171
 .debug_line    0x0000000000000000        0x0 build/objects/bios.o
 .debug_line    0x0000000000000000        0x0 build/objects/bootsec.o
 .debug_line    0x0000000000000000       0x54 build/objects/debug.o
 .debug_line    0x0000000000000054       0x4b build/objects/format.o
 .debug_line    0x000000000000009f       0x42 build/objects/helpers.o
 .debug_line    0x00000000000000e1       0x90 build/objects/main.o

.debug_frame    0x0000000000000000        0x0
 .debug_frame   0x0000000000000000        0x0 build/objects/bios.o
 .debug_frame   0x0000000000000000        0x0 build/objects/bootsec.o
 .debug_frame   0x0000000000000000        0x0 build/objects/debug.o
 .debug_frame   0x0000000000000000        0x0 build/objects/format.o
 .debug_frame   0x0000000000000000        0x0 build/objects/helpers.o
 .debug_frame   0x0000000000000000        0x0 build/objects/main.o

.debug_loc      0x0000000000000000        0x0
 .debug_loc     0x0000000000000000        0x0 build/objects/bios.o
 .debug_loc     0x0000000000000000        0x0 build/objects/bootsec.o
 .debug_loc     0x0000000000000000        0x0 build/objects/debug.o
 .debug_loc     0x0000000000000000        0x0 build/objects/format.o
 .debug_loc     0x0000000000000000        0x0 build/objects/helpers.o
 .debug_loc     0x0000000000000000        0x0 build/objects/main.o
